// Jest Snapshot v1, https://goo.gl/fbAQLP

exports[`theme matches the snapshot 1`] = `
Object {
  "accent": "#448AFF",
  "background": "#FFFFFF",
  "bodyFontSize": "
    @media (max-width: 480px) {
      font-size: 12px;
    }
    
      @media (min-width: 640px) {
        font-size: 16px;
      }
    
    font-size: 2.5vw
  ",
  "danger": "#D32F2F",
  "dangerLight": "#F44336",
  "defaultRadius": "0.5rem",
  "disabled": "#BDBDBD",
  "divider": "#BDBDBD",
  "font": "'Segoe UI' 'HelveticaNeue-Light' sans-serif",
  "green": "#388E3C",
  "headerFontSize": "
    @media (max-width: 240px) {
      font-size: 12px;
    }
    
      @media (min-width: 640px) {
        font-size: 32px;
      }
    
    font-size: 5vw
  ",
  "icon": "#212121",
  "invertedIcon": "#FFFFFF",
  "invertedText": "#FFFFFF",
  "longTransition": "0.3s",
  "primary": "#3F51B5",
  "primaryDark": "#303F9F",
  "primaryLight": "#C5CAE9",
  "red": "#D32F2F",
  "secondaryIcon": "#757575",
  "secondaryText": "#757575",
  "shortTransition": "0.1s",
  "text": "#212121",
}
`;
