// Jest Snapshot v1, https://goo.gl/fbAQLP

exports[`Description renders a Description 1`] = `
<div
  className="sc-AxirZ ixalE test-class inline-editable"
>
  <div
    className="inline-editable__edit-trigger"
    onClick={[Function]}
  >
    <span
      className="inline-editable__value"
    >
      Test description
    </span>
  </div>
</div>
`;
