// Jest Snapshot v1, https://goo.gl/fbAQLP

exports[`Input renders an input 1`] = `
.c0 {
  background: #FFFFFF;
  color: #212121;
  font: inherit;
  -webkit-appearance: none;
  -moz-appearance: none;
  appearance: none;
  border: none;
  border-bottom: 1px solid #BDBDBD;
}

<input
  className="c0"
/>
`;
